CONNECT /metrics
DELETE  /api/v1/access
DELETE  /api/v1/credential-types/{id}
DELETE  /api/v1/credentials/{id}
DELETE  /api/v1/event-rules/{id}
DELETE  /api/v1/event-sources/{id}
DELETE  /api/v1/execution-packs/{id}
DELETE  /api/v1/groups/{groupId}
DELETE  /api/v1/groups/{groupId}/hosts/{hostId}
DELETE  /api/v1/hosts/{hostId}
DELETE  /api/v1/inventories/{inventoryId}/
DELETE  /api/v1/inventories/{inventoryId}/sources/{sourceId}
DELETE  /api/v1/job-templates/{id}
DELETE  /api/v1/job-templates/{id}/notifications/{ntId}/{event}
DELETE  /api/v1/notification-policies/{id}
DELETE  /api/v1/notification-templates/{id}
DELETE  /api/v1/organizations/{id}/
DELETE  /api/v1/organizations/{id}/galaxy-credentials/{credId}
DELETE  /api/v1/organizations/{id}/users/{userId}
DELETE  /api/v1/schedules/{id}/
DELETE  /api/v1/service-principals/{id}
DELETE  /api/v1/service-principals/{id}/credentials/{credentialID}
DELETE  /api/v1/service-principals/{id}/grants/{grantID}
DELETE  /api/v1/teams/{id}/
DELETE  /api/v1/teams/{id}/members/{userID}
DELETE  /api/v1/tokens/{id}
DELETE  /api/v1/triggers/event/{id}
DELETE  /api/v1/users/{id}/
DELETE  /api/v1/workflow-templates/{id}
DELETE  /api/v1/workflow-templates/{id}/notifications/{ntId}/{event}
DELETE  /metrics
GET     /api/v1/access
GET     /api/v1/activity-stream
GET     /api/v1/capabilities
GET     /api/v1/credential-types/
GET     /api/v1/credential-types/{id}
GET     /api/v1/credentials/
GET     /api/v1/credentials/{id}
GET     /api/v1/event-rules/
GET     /api/v1/event-sources/
GET     /api/v1/execution-packs/
GET     /api/v1/groups/{groupId}
GET     /api/v1/groups/{groupId}/hosts
GET     /api/v1/hosts/{hostId}
GET     /api/v1/hosts/{hostId}/facts
GET     /api/v1/hosts/{hostId}/groups
GET     /api/v1/inventories/
GET     /api/v1/inventories/{inventoryId}/
GET     /api/v1/inventories/{inventoryId}/groups/
GET     /api/v1/inventories/{inventoryId}/hosts/
GET     /api/v1/inventories/{inventoryId}/sources
GET     /api/v1/inventories/{inventoryId}/sources/{sourceId}/history
GET     /api/v1/inventory-source-types
GET     /api/v1/job-templates/
GET     /api/v1/job-templates/{id}
GET     /api/v1/job-templates/{id}/launch-configuration
GET     /api/v1/job-templates/{id}/notifications
GET     /api/v1/jobs/
GET     /api/v1/jobs/runs/{runID}
GET     /api/v1/jobs/runs/{runID}/diagnostics
GET     /api/v1/jobs/runs/{runID}/diagnostics/stream
GET     /api/v1/jobs/runs/{runID}/events
GET     /api/v1/jobs/runs/{runID}/logs
GET     /api/v1/ldap/config
GET     /api/v1/notification-deliveries
GET     /api/v1/notification-policies
GET     /api/v1/notification-templates
GET     /api/v1/notification-types
GET     /api/v1/organizations/
GET     /api/v1/organizations/{id}/
GET     /api/v1/organizations/{id}/admins
GET     /api/v1/organizations/{id}/galaxy-credentials
GET     /api/v1/organizations/{id}/inventories
GET     /api/v1/organizations/{id}/object_roles
GET     /api/v1/organizations/{id}/projects
GET     /api/v1/organizations/{id}/service-principals/
GET     /api/v1/organizations/{id}/teams
GET     /api/v1/organizations/{id}/users
GET     /api/v1/ping
GET     /api/v1/projects
GET     /api/v1/rbac/policy
GET     /api/v1/ready
GET     /api/v1/role-definitions
GET     /api/v1/schedules/
GET     /api/v1/schedules/{id}/
GET     /api/v1/service-principals/{id}
GET     /api/v1/service-principals/{id}/credentials
GET     /api/v1/service-principals/{id}/grants
GET     /api/v1/service-principals/{id}/grants/{grantID}
GET     /api/v1/teams/
GET     /api/v1/teams/{id}/
GET     /api/v1/teams/{id}/members
GET     /api/v1/tokens/
GET     /api/v1/triggers/event
GET     /api/v1/triggers/webhook
GET     /api/v1/users/
GET     /api/v1/users/{id}/
GET     /api/v1/users/{id}/access
GET     /api/v1/users/{id}/organizations
GET     /api/v1/users/{id}/teams
GET     /api/v1/workflow-approvals
GET     /api/v1/workflow-jobs
GET     /api/v1/workflow-jobs/{id}
GET     /api/v1/workflow-templates
GET     /api/v1/workflow-templates/{id}
GET     /api/v1/workflow-templates/{id}/notifications
GET     /metrics
HEAD    /metrics
OPTIONS /metrics
PATCH   /api/v1/service-principals/{id}
PATCH   /metrics
POST    /api/v1/access
POST    /api/v1/auth/login
POST    /api/v1/bulk/hosts/create
POST    /api/v1/bulk/hosts/delete
POST    /api/v1/bulk/hosts/delete/preview
POST    /api/v1/bulk/jobs/launch
POST    /api/v1/credential-types/
POST    /api/v1/credentials/
POST    /api/v1/delegated/workflow-templates/{id}/launch
POST    /api/v1/event-rules/
POST    /api/v1/event-sources/
POST    /api/v1/events/{source}
POST    /api/v1/execution-packs/
POST    /api/v1/execution-packs/{id}/rebuild
POST    /api/v1/groups/{groupId}/hosts
POST    /api/v1/hosts/{hostId}/runner-heartbeat
POST    /api/v1/hosts/{hostId}/set-runner
POST    /api/v1/inventories/
POST    /api/v1/inventories/{inventoryId}/groups/
POST    /api/v1/inventories/{inventoryId}/hosts/
POST    /api/v1/inventories/{inventoryId}/import
POST    /api/v1/inventories/{inventoryId}/sources
POST    /api/v1/inventories/{inventoryId}/sources/{sourceId}/preview
POST    /api/v1/inventories/{inventoryId}/sources/{sourceId}/sync
POST    /api/v1/job-templates/
POST    /api/v1/job-templates/{id}/launch-preview
POST    /api/v1/job-templates/{id}/notifications
POST    /api/v1/jobs/
POST    /api/v1/jobs/runs/{runID}/events
POST    /api/v1/jobs/{id}/cancel
POST    /api/v1/ldap/test-connection
POST    /api/v1/notification-policies
POST    /api/v1/notification-templates
POST    /api/v1/notification-templates/{id}/test
POST    /api/v1/organizations/
POST    /api/v1/organizations/{id}/admins
POST    /api/v1/organizations/{id}/galaxy-credentials
POST    /api/v1/organizations/{id}/service-principals/
POST    /api/v1/organizations/{id}/users
POST    /api/v1/projects
POST    /api/v1/projects/{id}/sync
POST    /api/v1/rbac/policy/refresh
POST    /api/v1/schedules/
POST    /api/v1/service-principals/{id}/credentials
POST    /api/v1/service-principals/{id}/credentials/{credentialID}/rotate
POST    /api/v1/service-principals/{id}/grants
POST    /api/v1/teams/
POST    /api/v1/teams/{id}/members
POST    /api/v1/tokens/
POST    /api/v1/triggers/event
POST    /api/v1/users/
POST    /api/v1/webhooks/execution-packs/{id}/{service}
POST    /api/v1/webhooks/job-templates/{id}/{service}
POST    /api/v1/webhooks/workflow-job-nodes/{id}/callback
POST    /api/v1/webhooks/workflow-templates/{id}/{service}
POST    /api/v1/workflow-job-nodes/{id}/approve
POST    /api/v1/workflow-job-nodes/{id}/deny
POST    /api/v1/workflow-templates
POST    /api/v1/workflow-templates/{id}/launch
POST    /api/v1/workflow-templates/{id}/notifications
POST    /metrics
PUT     /api/v1/credential-types/{id}
PUT     /api/v1/credentials/{id}
PUT     /api/v1/execution-packs/{id}
PUT     /api/v1/groups/{groupId}
PUT     /api/v1/hosts/{hostId}
PUT     /api/v1/inventories/{inventoryId}/
PUT     /api/v1/job-templates/{id}
PUT     /api/v1/organizations/{id}/
PUT     /api/v1/schedules/{id}/
PUT     /api/v1/service-principals/{id}/grants/{grantID}
PUT     /api/v1/teams/{id}/
PUT     /api/v1/triggers/event/{id}
PUT     /api/v1/users/{id}/
PUT     /api/v1/workflow-templates/{id}
PUT     /metrics
QUERY   /metrics
TRACE   /metrics
